// Jest Snapshot v1, https://goo.gl/fbAQLP

exports[`Rendering when default state should match 1`] = `
<Styled(Container)>
  <Styled(Content)>
    <Styled(Form)>
      <Styled(Item)
        fixedLabel={true}
      >
        <Styled(Label)>
          Name
        </Styled(Label)>
        <Styled(Input)
          autoCapitalize="words"
          disabled={true}
          onChangeText={[Function]}
          value="A friend"
        />
      </Styled(Item)>
    </Styled(Form)>
  </Styled(Content)>
</Styled(Container)>
`;

exports[`Rendering when no friend should match 1`] = `<Styled(Container) />`;
