// Jest Snapshot v1, https://goo.gl/fbAQLP

exports[`Reducer provides initial state 1`] = `
Object {
  "37a543ee-1ef2-4a03-b2d3-91ede4418089": Object {
    "allocine": 213,
    "id": "37a543ee-1ef2-4a03-b2d3-91ede4418089",
    "localizedName": null,
    "name": "Deadwood",
    "poster": "http://fr.web.img5.acsta.net/medias/nmedia/18/82/49/12/19623049.jpg",
    "seasons": Object {
      "1": Object {
        "allocine": 565,
        "episodes": 12,
        "id": 1,
        "year": 2004,
      },
      "2": Object {
        "3": Object {
          "allocine": 2664,
          "episodes": 12,
          "id": 3,
          "year": 2006,
        },
        "allocine": 711,
        "episodes": 12,
        "id": 2,
        "year": 2005,
      },
    },
    "year": 2004,
  },
}
`;
