// Jest Snapshot v1, https://goo.gl/fbAQLP

exports[`Rendering should render 1`] = `
<Styled(ListItem)
  icon={true}
  onPress={[Function]}
>
  <Styled(Left)>
    <Styled(Button)
      disabled={true}
      small={true}
      style={
        Object {
          "backgroundColor": undefined,
        }
      }
    />
  </Styled(Left)>
  <Styled(Body)>
    <Styled(Text)>
      Someone
    </Styled(Text)>
  </Styled(Body)>
</Styled(ListItem)>
`;
