// Jest Snapshot v1, https://goo.gl/fbAQLP

exports[`Rendering should render 1`] = `
<Styled(List)>
  <Styled(ListItem)>
    <GridNB>
      <ColumnNB
        size={38}
        style={
          Object {
            "alignItems": "flex-end",
            "flexDirection": "column",
            "justifyContent": "flex-start",
          }
        }
      >
        <Styled(Text)
          style={
            Object {
              "alignSelf": "flex-end",
            }
          }
        >
          Season 2
        </Styled(Text)>
        <Styled(Text)
          note={true}
          style={
            Object {
              "alignSelf": "flex-end",
            }
          }
        >
          13 ep.
           in 2015
        </Styled(Text)>
      </ColumnNB>
      <ColumnNB
        size={62}
        style={
          Object {
            "alignItems": "flex-start",
            "flexDirection": "row",
            "flexWrap": "wrap",
            "justifyContent": "flex-start",
            "paddingHorizontal": 20,
          }
        }
      >
        <Styled(Badge)
          primary={true}
          style={
            Object {
              "alignSelf": "flex-start",
              "marginHorizontal": 5,
            }
          }
        >
          <Styled(Text)
            style={Object {}}
          >
            Friend 1
          </Styled(Text)>
        </Styled(Badge)>
        <Styled(Badge)
          primary={true}
          style={
            Object {
              "alignSelf": "flex-start",
              "marginHorizontal": 5,
            }
          }
        >
          <Styled(Text)
            style={Object {}}
          >
            Friend 2
          </Styled(Text)>
        </Styled(Badge)>
      </ColumnNB>
    </GridNB>
  </Styled(ListItem)>
  <Styled(ListItem)>
    <GridNB>
      <ColumnNB
        size={38}
        style={
          Object {
            "alignItems": "flex-end",
            "flexDirection": "column",
            "justifyContent": "flex-start",
          }
        }
      >
        <Styled(Text)
          style={
            Object {
              "alignSelf": "flex-end",
            }
          }
        >
          Season 1
        </Styled(Text)>
        <Styled(Text)
          note={true}
          style={
            Object {
              "alignSelf": "flex-end",
            }
          }
        >
          13 ep.
           in 2014
        </Styled(Text)>
      </ColumnNB>
      <ColumnNB
        size={62}
        style={
          Object {
            "alignItems": "flex-start",
            "flexDirection": "row",
            "flexWrap": "wrap",
            "justifyContent": "flex-start",
            "paddingHorizontal": 20,
          }
        }
      />
    </GridNB>
  </Styled(ListItem)>
</Styled(List)>
`;
