// Jest Snapshot v1, https://goo.gl/fbAQLP

exports[`Rendering should render 1`] = `
<Styled(List)>
  <Styled(ListItem)>
    <GridNB>
      <ColumnNB
        size={38}
      >
        <TouchableOpacity
          activeOpacity={0.2}
          focusedOpacity={0.7}
          onPress={[Function]}
          style={
            Object {
              "alignItems": "flex-start",
              "flexDirection": "row",
              "flexWrap": "wrap",
              "justifyContent": "space-between",
            }
          }
          transparent={true}
        >
          <Styled(Left)
            style={Object {}}
          >
            <Styled(Icon)
              name="add-circle"
            />
          </Styled(Left)>
          <Styled(Text)
            style={
              Object {
                "flexGrow": 1,
                "textAlign": "right",
              }
            }
          >
            Season 3
          </Styled(Text)>
          <Styled(Text)
            note={true}
            style={
              Object {
                "flexBasis": "100%",
                "textAlign": "right",
              }
            }
          />
        </TouchableOpacity>
      </ColumnNB>
      <ColumnNB
        size={62}
        style={
          Object {
            "alignItems": "flex-start",
            "flexDirection": "row",
            "flexWrap": "wrap",
            "justifyContent": "flex-start",
            "paddingHorizontal": 20,
          }
        }
      />
    </GridNB>
  </Styled(ListItem)>
  <Styled(ListItem)>
    <GridNB>
      <ColumnNB
        size={38}
      >
        <TouchableOpacity
          activeOpacity={0.2}
          focusedOpacity={0.7}
          onPress={[Function]}
          style={
            Object {
              "alignItems": "flex-start",
              "flexDirection": "row",
              "flexWrap": "wrap",
              "justifyContent": "space-between",
            }
          }
          transparent={true}
        >
          <Styled(Left)
            style={Object {}}
          >
            <Styled(Icon)
              name="add-circle"
            />
          </Styled(Left)>
          <Styled(Text)
            style={
              Object {
                "flexGrow": 1,
                "textAlign": "right",
              }
            }
          >
            Season 2
          </Styled(Text)>
          <Styled(Text)
            note={true}
            style={
              Object {
                "flexBasis": "100%",
                "textAlign": "right",
              }
            }
          >
            13 ep.
             in 2015
          </Styled(Text)>
        </TouchableOpacity>
      </ColumnNB>
      <ColumnNB
        size={62}
        style={
          Object {
            "alignItems": "flex-start",
            "flexDirection": "row",
            "flexWrap": "wrap",
            "justifyContent": "flex-start",
            "paddingHorizontal": 20,
          }
        }
      >
        <Styled(Button)
          onLongPress={[Function]}
          onPress={[Function]}
          small={true}
          style={
            Object {
              "alignSelf": "flex-start",
              "backgroundColor": "pink",
              "marginHorizontal": 2,
              "marginVertical": 2,
            }
          }
        >
          <Styled(Text)
            style={
              Object {
                "color": "#ffffff",
              }
            }
          >
            Friend 1
          </Styled(Text)>
        </Styled(Button)>
        <Styled(Button)
          onLongPress={[Function]}
          onPress={[Function]}
          small={true}
          style={
            Object {
              "alignSelf": "flex-start",
              "backgroundColor": "blue",
              "marginHorizontal": 2,
              "marginVertical": 2,
            }
          }
        >
          <Styled(Text)
            style={
              Object {
                "color": "#ffffff",
              }
            }
          >
            Friend 2
          </Styled(Text)>
        </Styled(Button)>
      </ColumnNB>
    </GridNB>
  </Styled(ListItem)>
  <Styled(ListItem)>
    <GridNB>
      <ColumnNB
        size={38}
      >
        <TouchableOpacity
          activeOpacity={0.2}
          focusedOpacity={0.7}
          onPress={[Function]}
          style={
            Object {
              "alignItems": "flex-start",
              "flexDirection": "row",
              "flexWrap": "wrap",
              "justifyContent": "space-between",
            }
          }
          transparent={true}
        >
          <Styled(Left)
            style={Object {}}
          >
            <Styled(Icon)
              name="add-circle"
            />
          </Styled(Left)>
          <Styled(Text)
            style={
              Object {
                "flexGrow": 1,
                "textAlign": "right",
              }
            }
          >
            Season 1
          </Styled(Text)>
          <Styled(Text)
            note={true}
            style={
              Object {
                "flexBasis": "100%",
                "textAlign": "right",
              }
            }
          >
            13 ep.
             in 2014
          </Styled(Text)>
        </TouchableOpacity>
      </ColumnNB>
      <ColumnNB
        size={62}
        style={
          Object {
            "alignItems": "flex-start",
            "flexDirection": "row",
            "flexWrap": "wrap",
            "justifyContent": "flex-start",
            "paddingHorizontal": 20,
          }
        }
      />
    </GridNB>
  </Styled(ListItem)>
</Styled(List)>
`;
