// Jest Snapshot v1, https://goo.gl/fbAQLP

exports[`rendering should show 2 series 1`] = `
<Styled(Container)>
  <Styled(Content)>
    <VirtualizedList
      data={
        Array [
          "abc",
          "qsd",
        ]
      }
      disableVirtualization={false}
      getItem={[Function]}
      getItemCount={[Function]}
      horizontal={false}
      initialNumToRender={10}
      initialNumberToRender={11}
      keyExtractor={[Function]}
      maxToRenderPerBatch={10}
      onEndReached={[Function]}
      onEndReachedThreshold={2}
      removeClippedSubviews={true}
      renderItem={[Function]}
      renderScrollComponent={[Function]}
      updateCellsBatchingPeriod={50}
      windowSize={21}
    />
  </Styled(Content)>
  <pure(SingleFAB)
    icon="add"
    onPress={[Function]}
  />
</Styled(Container)>
`;

exports[`rendering should show spinner when loading 1`] = `
<ActivityIndicator
  animating={true}
  color="lightblue"
  hidesWhenStopped={true}
  size="large"
  style={
    Object {
      "alignItems": "center",
      "flex": 1,
      "flexDirection": "row",
      "height": 80,
      "justifyContent": "center",
    }
  }
/>
`;
