// Jest Snapshot v1, https://goo.gl/fbAQLP

exports[`rendering with 2 series should show the list 1`] = `
<Styled(Container)
  style={
    Object {
      "marginTop": 10,
    }
  }
>
  <Styled(Content)>
    <VirtualizedList
      data={
        Array [
          "abc",
          "qsd",
        ]
      }
      disableVirtualization={false}
      getItem={[Function]}
      getItemCount={[Function]}
      horizontal={false}
      initialNumToRender={10}
      initialNumberToRender={11}
      keyExtractor={[Function]}
      maxToRenderPerBatch={10}
      onEndReached={[Function]}
      onEndReachedThreshold={2}
      removeClippedSubviews={true}
      renderItem={[Function]}
      renderScrollComponent={[Function]}
      updateCellsBatchingPeriod={50}
      windowSize={21}
    />
  </Styled(Content)>
  <pure(SingleFAB)
    icon="add"
    onPress={[Function]}
  />
</Styled(Container)>
`;

exports[`rendering with isLoading should show spinner when loading 1`] = `
<ActivityIndicator
  animating={true}
  color="lightblue"
  hidesWhenStopped={true}
  size="large"
  style={
    Object {
      "alignItems": "center",
      "flex": 1,
      "flexDirection": "row",
      "height": 80,
      "justifyContent": "center",
    }
  }
/>
`;

exports[`rendering with no series should show the help text 1`] = `
<Styled(Container)
  style={
    Object {
      "marginTop": 10,
    }
  }
>
  <pure(Helptext)
    fullscreen={true}
  >
    You can add a TV show
    
    
    using the button below
  </pure(Helptext)>
  <pure(SingleFAB)
    icon="add"
    onPress={[Function]}
  />
</Styled(Container)>
`;
